// Jest Snapshot v1, https://goo.gl/fbAQLP

exports[`Pruebas en <HomeScreen /> Debe de mostrar el componente <HomeScreen /> 1`] = `
<div>
  <h1>
    HomeScreen
  </h1>
  <hr />
  <pre>
    {
   "name": "Lorena",
   "email": "lore@gmail.com"
}
  </pre>
</div>
`;
